// Jest Snapshot v1, https://goo.gl/fbAQLP

exports[`UpInput should have a width 1`] = `
<div
  class="f1tixqa4"
>
  <div
    class="faftrne fieymse f1smlmue fxjnd2r"
  >
    <div
      class="up-input-group"
    >
      <input
        class="up-input"
        dir="auto"
        id="MyId"
        type="text"
        value=""
      />
    </div>
  </div>
</div>
`;
